Downloading: "https://download.pytorch.org/models/resnet50-11ad3fa6.pth" to /root/.cache/torch/hub/checkpoints/resnet50-11ad3fa6.pth
TRAIN 1 25 250 loss 1.57806640625
TRAIN 1 50 250 loss 1.42189208984375
TRAIN 1 75 250 loss 1.3597709147135417
TRAIN 1 100 250 loss 1.3250852584838868
TRAIN 1 125 250 loss 1.2614987525939942
TRAIN 1 150 250 loss 1.2391264057159423
TRAIN 1 175 250 loss 1.1921108681815011
TRAIN 1 200 250 loss 1.1450206911563874
TRAIN 1 225 250 loss 1.1078664864434136
TRAIN 1 250 250 loss 1.0768913435935974
VALIDATION 1 {"accuracy": 0.7433333333333333, "macro_f1": 0.44642185529182427, "weighted_f1": 0.6900238504758629, "balanced_accuracy": 0.4407739661224621, "loss": 0.768302698135376, "samples": 300}
TRAIN 2 25 250 loss 0.5420182704925537
TRAIN 2 50 250 loss 0.5389846706390381
TRAIN 2 75 250 loss 0.5765147066116333
TRAIN 2 100 250 loss 0.5918180322647095
TRAIN 2 125 250 loss 0.6207887105941773
TRAIN 2 150 250 loss 0.6204874988396962
TRAIN 2 175 250 loss 0.6212680912017823
TRAIN 2 200 250 loss 0.6161038322746754
TRAIN 2 225 250 loss 0.6075069057941437
TRAIN 2 250 250 loss 0.6024494308233261
VALIDATION 2 {"accuracy": 0.7833333333333333, "macro_f1": 0.5806362860818306, "weighted_f1": 0.7667413477314468, "balanced_accuracy": 0.5464424138672122, "loss": 0.6190573445955913, "samples": 300}
TRAIN 3 25 250 loss 0.2874679720401764
TRAIN 3 50 250 loss 0.30221253871917725
TRAIN 3 75 250 loss 0.2950016365448634
TRAIN 3 100 250 loss 0.2937179785966873
TRAIN 3 125 250 loss 0.28936082100868227
TRAIN 3 150 250 loss 0.29561776320139566
TRAIN 3 175 250 loss 0.2880297951187406
TRAIN 3 200 250 loss 0.2891366336494684
TRAIN 3 225 250 loss 0.2890623746977912
TRAIN 3 250 250 loss 0.28724838596582414
VALIDATION 3 {"accuracy": 0.7933333333333333, "macro_f1": 0.5962019586111545, "weighted_f1": 0.7835212990101799, "balanced_accuracy": 0.5788096173275924, "loss": 0.6507545598347981, "samples": 300}
FINAL PILOT RESULT {"model": "BERT-base + ResNet-50 maximum fusion", "protocol_id": "MM-PILOT-6W-v1", "pilot": true, "seed": 42, "selected_epoch": 3, "validation": {"accuracy": 0.7933333333333333, "macro_f1": 0.5962019586111545, "weighted_f1": 0.7835212990101799, "balanced_accuracy": 0.5788096173275924, "loss": 0.6507545598347981, "samples": 300}, "test": {"accuracy": 0.7433333333333333, "macro_f1": 0.5590325881866459, "weighted_f1": 0.7388255769472545, "balanced_accuracy": 0.5505863139858641, "loss": 0.654005710085233, "samples": 300}, "epochs_completed": 3, "optimizer_updates": 188, "skipped_updates": 1, "elapsed_seconds_this_session": 200.522617223, "peak_gpu_allocated_bytes": 3038506496, "completed_utc": "2026-10-08T17:27:44.628672+00:00", "limitation": "2600-row engineering pilot; not comparable to the official full-cohort paper benchmark"}
